Archive member included to satisfy reference by file (symbol)

/home/pacopedraza/Ac6/SystemWorkbench/plugins/fr.ac6.mcu.externaltools.arm-none.linux64_1.17.0.201812190825/tools/compiler/bin/../lib/gcc/arm-none-eabi/7.3.1/../../../../arm-none-eabi/lib/thumb/v7e-m/fpv4-sp/hard/libc.a(lib_a-errno.o)
                              src/syscalls.o (__errno)
/home/pacopedraza/Ac6/SystemWorkbench/plugins/fr.ac6.mcu.externaltools.arm-none.linux64_1.17.0.201812190825/tools/compiler/bin/../lib/gcc/arm-none-eabi/7.3.1/../../../../arm-none-eabi/lib/thumb/v7e-m/fpv4-sp/hard/libc.a(lib_a-exit.o)
                              /home/pacopedraza/Ac6/SystemWorkbench/plugins/fr.ac6.mcu.externaltools.arm-none.linux64_1.17.0.201812190825/tools/compiler/bin/../lib/gcc/arm-none-eabi/7.3.1/../../../../arm-none-eabi/lib/thumb/v7e-m/fpv4-sp/hard/crt0.o (exit)
/home/pacopedraza/Ac6/SystemWorkbench/plugins/fr.ac6.mcu.externaltools.arm-none.linux64_1.17.0.201812190825/tools/compiler/bin/../lib/gcc/arm-none-eabi/7.3.1/../../../../arm-none-eabi/lib/thumb/v7e-m/fpv4-sp/hard/libc.a(lib_a-impure.o)
                              /home/pacopedraza/Ac6/SystemWorkbench/plugins/fr.ac6.mcu.externaltools.arm-none.linux64_1.17.0.201812190825/tools/compiler/bin/../lib/gcc/arm-none-eabi/7.3.1/../../../../arm-none-eabi/lib/thumb/v7e-m/fpv4-sp/hard/libc.a(lib_a-exit.o) (_global_impure_ptr)
/home/pacopedraza/Ac6/SystemWorkbench/plugins/fr.ac6.mcu.externaltools.arm-none.linux64_1.17.0.201812190825/tools/compiler/bin/../lib/gcc/arm-none-eabi/7.3.1/../../../../arm-none-eabi/lib/thumb/v7e-m/fpv4-sp/hard/libc.a(lib_a-init.o)
                              /home/pacopedraza/Ac6/SystemWorkbench/plugins/fr.ac6.mcu.externaltools.arm-none.linux64_1.17.0.201812190825/tools/compiler/bin/../lib/gcc/arm-none-eabi/7.3.1/../../../../arm-none-eabi/lib/thumb/v7e-m/fpv4-sp/hard/crt0.o (__libc_init_array)
/home/pacopedraza/Ac6/SystemWorkbench/plugins/fr.ac6.mcu.externaltools.arm-none.linux64_1.17.0.201812190825/tools/compiler/bin/../lib/gcc/arm-none-eabi/7.3.1/../../../../arm-none-eabi/lib/thumb/v7e-m/fpv4-sp/hard/libc.a(lib_a-memcpy.o)
                              Third-Party/FreeRTOS/org/Source/queue.o (memcpy)
/home/pacopedraza/Ac6/SystemWorkbench/plugins/fr.ac6.mcu.externaltools.arm-none.linux64_1.17.0.201812190825/tools/compiler/bin/../lib/gcc/arm-none-eabi/7.3.1/../../../../arm-none-eabi/lib/thumb/v7e-m/fpv4-sp/hard/libc.a(lib_a-memset.o)
                              /home/pacopedraza/Ac6/SystemWorkbench/plugins/fr.ac6.mcu.externaltools.arm-none.linux64_1.17.0.201812190825/tools/compiler/bin/../lib/gcc/arm-none-eabi/7.3.1/../../../../arm-none-eabi/lib/thumb/v7e-m/fpv4-sp/hard/crt0.o (memset)
/home/pacopedraza/Ac6/SystemWorkbench/plugins/fr.ac6.mcu.externaltools.arm-none.linux64_1.17.0.201812190825/tools/compiler/bin/../lib/gcc/arm-none-eabi/7.3.1/../../../../arm-none-eabi/lib/thumb/v7e-m/fpv4-sp/hard/libc.a(lib_a-__call_atexit.o)
                              /home/pacopedraza/Ac6/SystemWorkbench/plugins/fr.ac6.mcu.externaltools.arm-none.linux64_1.17.0.201812190825/tools/compiler/bin/../lib/gcc/arm-none-eabi/7.3.1/../../../../arm-none-eabi/lib/thumb/v7e-m/fpv4-sp/hard/libc.a(lib_a-exit.o) (__call_exitprocs)
/home/pacopedraza/Ac6/SystemWorkbench/plugins/fr.ac6.mcu.externaltools.arm-none.linux64_1.17.0.201812190825/tools/compiler/bin/../lib/gcc/arm-none-eabi/7.3.1/../../../../arm-none-eabi/lib/thumb/v7e-m/fpv4-sp/hard/libc.a(lib_a-atexit.o)
                              /home/pacopedraza/Ac6/SystemWorkbench/plugins/fr.ac6.mcu.externaltools.arm-none.linux64_1.17.0.201812190825/tools/compiler/bin/../lib/gcc/arm-none-eabi/7.3.1/../../../../arm-none-eabi/lib/thumb/v7e-m/fpv4-sp/hard/libc.a(lib_a-__call_atexit.o) (atexit)
/home/pacopedraza/Ac6/SystemWorkbench/plugins/fr.ac6.mcu.externaltools.arm-none.linux64_1.17.0.201812190825/tools/compiler/bin/../lib/gcc/arm-none-eabi/7.3.1/../../../../arm-none-eabi/lib/thumb/v7e-m/fpv4-sp/hard/libc.a(lib_a-fini.o)
                              /home/pacopedraza/Ac6/SystemWorkbench/plugins/fr.ac6.mcu.externaltools.arm-none.linux64_1.17.0.201812190825/tools/compiler/bin/../lib/gcc/arm-none-eabi/7.3.1/../../../../arm-none-eabi/lib/thumb/v7e-m/fpv4-sp/hard/libc.a(lib_a-__call_atexit.o) (__libc_fini_array)
/home/pacopedraza/Ac6/SystemWorkbench/plugins/fr.ac6.mcu.externaltools.arm-none.linux64_1.17.0.201812190825/tools/compiler/bin/../lib/gcc/arm-none-eabi/7.3.1/../../../../arm-none-eabi/lib/thumb/v7e-m/fpv4-sp/hard/libc.a(lib_a-lock.o)
                              /home/pacopedraza/Ac6/SystemWorkbench/plugins/fr.ac6.mcu.externaltools.arm-none.linux64_1.17.0.201812190825/tools/compiler/bin/../lib/gcc/arm-none-eabi/7.3.1/../../../../arm-none-eabi/lib/thumb/v7e-m/fpv4-sp/hard/libc.a(lib_a-__call_atexit.o) (__retarget_lock_acquire_recursive)
[...]
Memory Configuration

Name             Origin             Length             Attributes
RAM              0x0000000020000000 0x0000000000020000 xrw
ROM              0x0000000008000000 0x0000000000080000 xr
*default*        0x0000000000000000 0xffffffffffffffff

Linker script and memory map

LOAD /home/pacopedraza/Ac6/SystemWorkbench/plugins/fr.ac6.mcu.externaltools.arm-none.linux64_1.17.0.201812190825/tools/compiler/bin/../lib/gcc/arm-none-eabi/7.3.1/thumb/v7e-m/fpv4-sp/hard/crti.o
LOAD /home/pacopedraza/Ac6/SystemWorkbench/plugins/fr.ac6.mcu.externaltools.arm-none.linux64_1.17.0.201812190825/tools/compiler/bin/../lib/gcc/arm-none-eabi/7.3.1/thumb/v7e-m/fpv4-sp/hard/crtbegin.o
LOAD /home/pacopedraza/Ac6/SystemWorkbench/plugins/fr.ac6.mcu.externaltools.arm-none.linux64_1.17.0.201812190825/tools/compiler/bin/../lib/gcc/arm-none-eabi/7.3.1/../../../../arm-none-eabi/lib/thumb/v7e-m/fpv4-sp/hard/crt0.o
LOAD StdPeriph_Driver/src/misc.o
LOAD StdPeriph_Driver/src/stm32f4xx_adc.o
LOAD StdPeriph_Driver/src/stm32f4xx_can.o
LOAD StdPeriph_Driver/src/stm32f4xx_cec.o
LOAD StdPeriph_Driver/src/stm32f4xx_crc.o
LOAD StdPeriph_Driver/src/stm32f4xx_cryp.o
LOAD StdPeriph_Driver/src/stm32f4xx_cryp_aes.o
LOAD StdPeriph_Driver/src/stm32f4xx_cryp_des.o
LOAD StdPeriph_Driver/src/stm32f4xx_cryp_tdes.o
LOAD StdPeriph_Driver/src/stm32f4xx_dac.o
LOAD StdPeriph_Driver/src/stm32f4xx_dbgmcu.o
LOAD StdPeriph_Driver/src/stm32f4xx_dcmi.o
LOAD StdPeriph_Driver/src/stm32f4xx_dfsdm.o
LOAD StdPeriph_Driver/src/stm32f4xx_dma.o
LOAD StdPeriph_Driver/src/stm32f4xx_dma2d.o
LOAD StdPeriph_Driver/src/stm32f4xx_dsi.o
LOAD StdPeriph_Driver/src/stm32f4xx_exti.o
LOAD StdPeriph_Driver/src/stm32f4xx_flash.o
LOAD StdPeriph_Driver/src/stm32f4xx_flash_ramfunc.o
LOAD StdPeriph_Driver/src/stm32f4xx_fmc.o
LOAD StdPeriph_Driver/src/stm32f4xx_fmip2c.o
LOAD StdPeriph_Driver/src/stm32f4xx_fsmc.o
LOAD StdPeriph_Driver/src/stm32f4xx_gpio.o
LOAD StdPeriph_Driver/src/stm32f4xx_hash.o
LOAD StdPeriph_Driver/src/stm32f4xx_hash_md5.o
LOAD StdPeriph_Driver/src/stm32f4xx_hash_sha1.o
LOAD StdPeriph_Driver/src/stm32f4xx_i2c.o
LOAD StdPeriph_Driver/src/stm32f4xx_iwdg.o
LOAD StdPeriph_Driver/src/stm32f4xx_lptim.o
LOAD StdPeriph_Driver/src/stm32f4xx_ltdc.o
LOAD StdPeriph_Driver/src/stm32f4xx_pwr.o
LOAD StdPeriph_Driver/src/stm32f4xx_qspi.o
LOAD StdPeriph_Driver/src/stm32f4xx_rcc.o
LOAD StdPeriph_Driver/src/stm32f4xx_rng.o
LOAD StdPeriph_Driver/src/stm32f4xx_rtc.o
LOAD StdPeriph_Driver/src/stm32f4xx_sai.o
LOAD StdPeriph_Driver/src/stm32f4xx_sdio.o
LOAD StdPeriph_Driver/src/stm32f4xx_spdifrx.o
LOAD StdPeriph_Driver/src/stm32f4xx_spi.o
LOAD StdPeriph_Driver/src/stm32f4xx_syscfg.o
LOAD StdPeriph_Driver/src/stm32f4xx_tim.o
LOAD StdPeriph_Driver/src/stm32f4xx_usart.o
LOAD StdPeriph_Driver/src/stm32f4xx_wwdg.o
LOAD Third-Party/FreeRTOS/org/Source/croutine.o
LOAD Third-Party/FreeRTOS/org/Source/event_groups.o
LOAD Third-Party/FreeRTOS/org/Source/list.o
LOAD Third-Party/FreeRTOS/org/Source/queue.o
LOAD Third-Party/FreeRTOS/org/Source/stream_buffer.o
LOAD Third-Party/FreeRTOS/org/Source/tasks.o
LOAD Third-Party/FreeRTOS/org/Source/timers.o
LOAD Third-Party/FreeRTOS/org/Source/portable/GCC/ARM_CM4F/port.o
LOAD Third-Party/FreeRTOS/org/Source/portable/MemMang/heap_4.o
LOAD src/main.o
LOAD src/syscalls.o
LOAD src/system_stm32f4xx.o
LOAD startup/startup_stm32.o
LOAD /home/pacopedraza/Ac6/SystemWorkbench/plugins/fr.ac6.mcu.externaltools.arm-none.linux64_1.17.0.201812190825/tools/compiler/bin/../lib/gcc/arm-none-eabi/7.3.1/../../../../arm-none-eabi/lib/thumb/v7e-m/fpv4-sp/hard/libm.a
START GROUP
LOAD /home/pacopedraza/Ac6/SystemWorkbench/plugins/fr.ac6.mcu.externaltools.arm-none.linux64_1.17.0.201812190825/tools/compiler/bin/../lib/gcc/arm-none-eabi/7.3.1/thumb/v7e-m/fpv4-sp/hard/libgcc.a
LOAD /home/pacopedraza/Ac6/SystemWorkbench/plugins/fr.ac6.mcu.externaltools.arm-none.linux64_1.17.0.201812190825/tools/compiler/bin/../lib/gcc/arm-none-eabi/7.3.1/../../../../arm-none-eabi/lib/thumb/v7e-m/fpv4-sp/hard/libc.a
END GROUP
LOAD /home/pacopedraza/Ac6/SystemWorkbench/plugins/fr.ac6.mcu.externaltools.arm-none.linux64_1.17.0.201812190825/tools/compiler/bin/../lib/gcc/arm-none-eabi/7.3.1/thumb/v7e-m/fpv4-sp/hard/crtend.o
LOAD /home/pacopedraza/Ac6/SystemWorkbench/plugins/fr.ac6.mcu.externaltools.arm-none.linux64_1.17.0.201812190825/tools/compiler/bin/../lib/gcc/arm-none-eabi/7.3.1/thumb/v7e-m/fpv4-sp/hard/crtn.o
                0x0000000020020000                _estack = 0x20020000
                0x0000000000000000                _Min_Heap_Size = 0x0
                0x0000000000000400                _Min_Stack_Size = 0x400

.isr_vector     0x0000000008000000      0x1c4
                0x0000000008000000                . = ALIGN (0x4)
 *(.isr_vector)
 .isr_vector    0x0000000008000000      0x1c4 startup/startup_stm32.o
                0x0000000008000000                g_pfnVectors
                0x00000000080001c4                . = ALIGN (0x4)

.text           0x00000000080001d0     0x146c
                0x00000000080001d0                . = ALIGN (0x4)
 *(.text)
 .text          0x00000000080001d0       0x40 /home/pacopedraza/Ac6/SystemWorkbench/plugins/fr.ac6.mcu.externaltools.arm-none.linux64_1.17.0.201812190825/tools/compiler/bin/../lib/gcc/arm-none-eabi/7.3.1/thumb/v7e-m/fpv4-sp/hard/crtbegin.o
 *(.text*)
 .text.RCC_DeInit
                0x0000000008000210       0x70 StdPeriph_Driver/src/stm32f4xx_rcc.o
                0x0000000008000210                RCC_DeInit
 .text.vListInitialise
                0x0000000008000280       0x40 Third-Party/FreeRTOS/org/Source/list.o
                0x0000000008000280                vListInitialise
 .text.vListInitialiseItem
                0x00000000080002c0       0x1a Third-Party/FreeRTOS/org/Source/list.o
                0x00000000080002c0                vListInitialiseItem
 .text.vListInsertEnd
                0x00000000080002da       0x48 Third-Party/FreeRTOS/org/Source/list.o
                0x00000000080002da                vListInsertEnd
 .text.uxListRemove
                0x0000000008000322       0x54 Third-Party/FreeRTOS/org/Source/list.o
                0x0000000008000322                uxListRemove
 .text.xTaskCreate
                0x0000000008000376       0x82 Third-Party/FreeRTOS/org/Source/tasks.o
                0x0000000008000376                xTaskCreate
 .text.prvInitialiseNewTask
                0x00000000080003f8      0x12a Third-Party/FreeRTOS/org/Source/tasks.o
 *fill*         0x0000000008000522        0x2 
 .text.prvAddNewTaskToReadyList
                0x0000000008000524       0xdc Third-Party/FreeRTOS/org/Source/tasks.o
 .text.vTaskSuspendAll
                0x0000000008000600       0x1c Third-Party/FreeRTOS/org/Source/tasks.o
                0x0000000008000600                vTaskSuspendAll
 .text.xTaskResumeAll
                0x000000000800061c      0x138 Third-Party/FreeRTOS/org/Source/tasks.o
                0x000000000800061c                xTaskResumeAll
 .text.xTaskIncrementTick
                0x0000000008000754      0x170 Third-Party/FreeRTOS/org/Source/tasks.o
                0x0000000008000754                xTaskIncrementTick
 .text.vTaskSwitchContext
                0x00000000080008c4       0xb4 Third-Party/FreeRTOS/org/Source/tasks.o
                0x00000000080008c4                vTaskSwitchContext
 .text.prvInitialiseTaskLists
                0x0000000008000978       0x80 Third-Party/FreeRTOS/org/Source/tasks.o
 .text.prvResetNextTaskUnblockTime
                0x00000000080009f8       0x38 Third-Party/FreeRTOS/org/Source/tasks.o
 .text.pxPortInitialiseStack
                0x0000000008000a30       0x68 Third-Party/FreeRTOS/org/Source/portable/GCC/ARM_CM4F/port.o
                0x0000000008000a30                pxPortInitialiseStack
 .text.prvTaskExitError
                0x0000000008000a98       0x54 Third-Party/FreeRTOS/org/Source/portable/GCC/ARM_CM4F/port.o
 *fill*         0x0000000008000aec        0x4 
 .text.SVC_Handler
                0x0000000008000af0       0x28 Third-Party/FreeRTOS/org/Source/portable/GCC/ARM_CM4F/port.o
                0x0000000008000af0                SVC_Handler
 .text.vPortEnterCritical
                0x0000000008000b18       0x5c Third-Party/FreeRTOS/org/Source/portable/GCC/ARM_CM4F/port.o
                0x0000000008000b18                vPortEnterCritical
 .text.vPortExitCritical
                0x0000000008000b74       0x50 Third-Party/FreeRTOS/org/Source/portable/GCC/ARM_CM4F/port.o
                0x0000000008000b74                vPortExitCritical
 *fill*         0x0000000008000bc4        0xc 
 .text.PendSV_Handler
                0x0000000008000bd0       0x68 Third-Party/FreeRTOS/org/Source/portable/GCC/ARM_CM4F/port.o
                0x0000000008000bd0                PendSV_Handler
 .text.SysTick_Handler
                0x0000000008000c38       0x40 Third-Party/FreeRTOS/org/Source/portable/GCC/ARM_CM4F/port.o
                0x0000000008000c38                SysTick_Handler
 .text.pvPortMalloc
                0x0000000008000c78      0x190 Third-Party/FreeRTOS/org/Source/portable/MemMang/heap_4.o
                0x0000000008000c78                pvPortMalloc
 .text.vPortFree
                0x0000000008000e08       0xc0 Third-Party/FreeRTOS/org/Source/portable/MemMang/heap_4.o
                0x0000000008000e08                vPortFree
 .text.prvHeapInit
                0x0000000008000ec8       0xc4 Third-Party/FreeRTOS/org/Source/portable/MemMang/heap_4.o
 .text.prvInsertBlockIntoFreeList
                0x0000000008000f8c       0xb4 Third-Party/FreeRTOS/org/Source/portable/MemMang/heap_4.o
 .text.main     0x0000000008001040       0x50 src/main.o
                0x0000000008001040                main
 .text.vTask1_handler
                0x0000000008001090        0xa src/main.o
                0x0000000008001090                vTask1_handler
 .text.vTask2_handler
                0x000000000800109a        0xa src/main.o
                0x000000000800109a                vTask2_handler
 .text.SystemInit
                0x00000000080010a4       0x6c src/system_stm32f4xx.o
                0x00000000080010a4                SystemInit
 .text.SystemCoreClockUpdate
                0x0000000008001110      0x19c src/system_stm32f4xx.o
                0x0000000008001110                SystemCoreClockUpdate
 .text.SetSysClock
                0x00000000080012ac      0x12c src/system_stm32f4xx.o
 .text.Reset_Handler
                0x00000000080013d8       0x50 startup/startup_stm32.o
                0x00000000080013d8                Reset_Handler
 .text.Default_Handler
                0x0000000008001428        0x2 startup/startup_stm32.o
                0x0000000008001428                RTC_Alarm_IRQHandler
                0x0000000008001428                EXTI2_IRQHandler
                0x0000000008001428                TIM8_CC_IRQHandler
                0x0000000008001428                SPDIF_Rx_IRQHandler
                0x0000000008001428                DebugMon_Handler
                0x0000000008001428                SPI4_IRQHandler
                0x0000000008001428                TIM1_CC_IRQHandler
                0x0000000008001428                QuadSPI_IRQHandler
                0x0000000008001428                DMA2_Stream5_IRQHandler
                0x0000000008001428                HardFault_Handler
                0x0000000008001428                DMA1_Stream5_IRQHandler
                0x0000000008001428                PVD_IRQHandler
                0x0000000008001428                SDIO_IRQHandler
                0x0000000008001428                TAMP_STAMP_IRQHandler
                0x0000000008001428                NMI_Handler
                0x0000000008001428                CAN2_RX1_IRQHandler
                0x0000000008001428                EXTI3_IRQHandler
                0x0000000008001428                TIM8_TRG_COM_TIM14_IRQHandler
                0x0000000008001428                TIM1_UP_TIM10_IRQHandler
                0x0000000008001428                FMPI2C1_error_IRQHandler
                0x0000000008001428                TIM8_UP_TIM13_IRQHandler
                0x0000000008001428                I2C3_ER_IRQHandler
                0x0000000008001428                EXTI0_IRQHandler
                0x0000000008001428                I2C2_EV_IRQHandler
                0x0000000008001428                DMA1_Stream2_IRQHandler
                0x0000000008001428                CAN1_RX0_IRQHandler
                0x0000000008001428                FPU_IRQHandler
                0x0000000008001428                OTG_HS_WKUP_IRQHandler
                0x0000000008001428                UsageFault_Handler
                0x0000000008001428                CAN2_SCE_IRQHandler
                0x0000000008001428                DMA2_Stream2_IRQHandler
                0x0000000008001428                SPI1_IRQHandler
                0x0000000008001428                TIM6_DAC_IRQHandler
                0x0000000008001428                TIM1_BRK_TIM9_IRQHandler
                0x0000000008001428                DCMI_IRQHandler
                0x0000000008001428                CAN2_RX0_IRQHandler
                0x0000000008001428                DMA2_Stream3_IRQHandler
                0x0000000008001428                FMPI2C1_IRQHandler
                0x0000000008001428                SAI2_IRQHandler
                0x0000000008001428                USART6_IRQHandler
                0x0000000008001428                USART3_IRQHandler
                0x0000000008001428                CAN1_RX1_IRQHandler
                0x0000000008001428                UART5_IRQHandler
                0x0000000008001428                DMA2_Stream0_IRQHandler
                0x0000000008001428                TIM4_IRQHandler
                0x0000000008001428                I2C1_EV_IRQHandler
                0x0000000008001428                HDMI_CEC_IRQHandler
                0x0000000008001428                DMA1_Stream6_IRQHandler
                0x0000000008001428                DMA1_Stream1_IRQHandler
                0x0000000008001428                UART4_IRQHandler
                0x0000000008001428                TIM3_IRQHandler
                0x0000000008001428                RCC_IRQHandler
                0x0000000008001428                TIM8_BRK_TIM12_IRQHandler
                0x0000000008001428                Default_Handler
                0x0000000008001428                EXTI15_10_IRQHandler
                0x0000000008001428                ADC_IRQHandler
                0x0000000008001428                DMA1_Stream7_IRQHandler
                0x0000000008001428                TIM7_IRQHandler
                0x0000000008001428                CAN2_TX_IRQHandler
                0x0000000008001428                TIM5_IRQHandler
                0x0000000008001428                DMA2_Stream7_IRQHandler
                0x0000000008001428                I2C3_EV_IRQHandler
                0x0000000008001428                EXTI9_5_IRQHandler
                0x0000000008001428                RTC_WKUP_IRQHandler
                0x0000000008001428                SPI2_IRQHandler
                0x0000000008001428                OTG_HS_EP1_IN_IRQHandler
                0x0000000008001428                MemManage_Handler
                0x0000000008001428                DMA1_Stream0_IRQHandler
                0x0000000008001428                CAN1_TX_IRQHandler
                0x0000000008001428                EXTI4_IRQHandler
                0x0000000008001428                OTG_HS_EP1_OUT_IRQHandler
                0x0000000008001428                WWDG_IRQHandler
                0x0000000008001428                TIM2_IRQHandler
                0x0000000008001428                OTG_FS_WKUP_IRQHandler
                0x0000000008001428                TIM1_TRG_COM_TIM11_IRQHandler
                0x0000000008001428                OTG_HS_IRQHandler
                0x0000000008001428                EXTI1_IRQHandler
                0x0000000008001428                USART2_IRQHandler
                0x0000000008001428                I2C2_ER_IRQHandler
                0x0000000008001428                DMA2_Stream1_IRQHandler
                0x0000000008001428                CAN1_SCE_IRQHandler
                0x0000000008001428                FLASH_IRQHandler
                0x0000000008001428                DMA2_Stream4_IRQHandler
                0x0000000008001428                BusFault_Handler
                0x0000000008001428                USART1_IRQHandler
                0x0000000008001428                OTG_FS_IRQHandler
                0x0000000008001428                SPI3_IRQHandler
                0x0000000008001428                DMA1_Stream4_IRQHandler
                0x0000000008001428                I2C1_ER_IRQHandler
                0x0000000008001428                FMC_IRQHandler
                0x0000000008001428                DMA2_Stream6_IRQHandler
                0x0000000008001428                SAI1_IRQHandler
                0x0000000008001428                DMA1_Stream3_IRQHandler
 *fill*         0x000000000800142a        0x2 
 .text.__libc_init_array
                0x000000000800142c       0x48 /home/pacopedraza/Ac6/SystemWorkbench/plugins/fr.ac6.mcu.externaltools.arm-none.linux64_1.17.0.201812190825/tools/compiler/bin/../lib/gcc/arm-none-eabi/7.3.1/../../../../arm-none-eabi/lib/thumb/v7e-m/fpv4-sp/hard/libc.a(lib_a-init.o)
                0x000000000800142c                __libc_init_array
 .text.memset   0x0000000008001474       0x94 /home/pacopedraza/Ac6/SystemWorkbench/plugins/fr.ac6.mcu.externaltools.arm-none.linux64_1.17.0.201812190825/tools/compiler/bin/../lib/gcc/arm-none-eabi/7.3.1/../../../../arm-none-eabi/lib/thumb/v7e-m/fpv4-sp/hard/libc.a(lib_a-memset.o)
                0x0000000008001474                memset
 .text.startup.register_fini
                0x0000000008001508       0x14 /home/pacopedraza/Ac6/SystemWorkbench/plugins/fr.ac6.mcu.externaltools.arm-none.linux64_1.17.0.201812190825/tools/compiler/bin/../lib/gcc/arm-none-eabi/7.3.1/../../../../arm-none-eabi/lib/thumb/v7e-m/fpv4-sp/hard/libc.a(lib_a-__call_atexit.o)
 .text.atexit   0x000000000800151c        0xc /home/pacopedraza/Ac6/SystemWorkbench/plugins/fr.ac6.mcu.externaltools.arm-none.linux64_1.17.0.201812190825/tools/compiler/bin/../lib/gcc/arm-none-eabi/7.3.1/../../../../arm-none-eabi/lib/thumb/v7e-m/fpv4-sp/hard/libc.a(lib_a-atexit.o)
                0x000000000800151c                atexit
 .text.__libc_fini_array
                0x0000000008001528       0x34 /home/pacopedraza/Ac6/SystemWorkbench/plugins/fr.ac6.mcu.externaltools.arm-none.linux64_1.17.0.201812190825/tools/compiler/bin/../lib/gcc/arm-none-eabi/7.3.1/../../../../arm-none-eabi/lib/thumb/v7e-m/fpv4-sp/hard/libc.a(lib_a-fini.o)
                0x0000000008001528                __libc_fini_array
 .text.__retarget_lock_acquire_recursive
                0x000000000800155c        0x4 /home/pacopedraza/Ac6/SystemWorkbench/plugins/fr.ac6.mcu.externaltools.arm-none.linux64_1.17.0.201812190825/tools/compiler/bin/../lib/gcc/arm-none-eabi/7.3.1/../../../../arm-none-eabi/lib/thumb/v7e-m/fpv4-sp/hard/libc.a(lib_a-lock.o)
                0x000000000800155c                __retarget_lock_acquire_recursive
 .text.__retarget_lock_release_recursive
                0x0000000008001560        0x4 /home/pacopedraza/Ac6/SystemWorkbench/plugins/fr.ac6.mcu.externaltools.arm-none.linux64_1.17.0.201812190825/tools/compiler/bin/../lib/gcc/arm-none-eabi/7.3.1/../../../../arm-none-eabi/lib/thumb/v7e-m/fpv4-sp/hard/libc.a(lib_a-lock.o)
                0x0000000008001560                __retarget_lock_release_recursive
 .text.__register_exitproc
                0x0000000008001564       0xc0 /home/pacopedraza/Ac6/SystemWorkbench/plugins/fr.ac6.mcu.externaltools.arm-none.linux64_1.17.0.201812190825/tools/compiler/bin/../lib/gcc/arm-none-eabi/7.3.1/../../../../arm-none-eabi/lib/thumb/v7e-m/fpv4-sp/hard/libc.a(lib_a-__atexit.o)
                0x0000000008001564                __register_exitproc
 *(.glue_7)
 .glue_7        0x0000000008001624        0x0 linker stubs
 *(.glue_7t)
 .glue_7t       0x0000000008001624        0x0 linker stubs
 *(.eh_frame)
 .eh_frame      0x0000000008001624        0x0 /home/pacopedraza/Ac6/SystemWorkbench/plugins/fr.ac6.mcu.externaltools.arm-none.linux64_1.17.0.201812190825/tools/compiler/bin/../lib/gcc/arm-none-eabi/7.3.1/thumb/v7e-m/fpv4-sp/hard/crtbegin.o
 *(.init)
 .init          0x0000000008001624        0x4 /home/pacopedraza/Ac6/SystemWorkbench/plugins/fr.ac6.mcu.externaltools.arm-none.linux64_1.17.0.201812190825/tools/compiler/bin/../lib/gcc/arm-none-eabi/7.3.1/thumb/v7e-m/fpv4-sp/hard/crti.o
                0x0000000008001624                _init
 .init          0x0000000008001628        0x8 /home/pacopedraza/Ac6/SystemWorkbench/plugins/fr.ac6.mcu.externaltools.arm-none.linux64_1.17.0.201812190825/tools/compiler/bin/../lib/gcc/arm-none-eabi/7.3.1/thumb/v7e-m/fpv4-sp/hard/crtn.o
 *(.fini)
 .fini          0x0000000008001630        0x4 /home/pacopedraza/Ac6/SystemWorkbench/plugins/fr.ac6.mcu.externaltools.arm-none.linux64_1.17.0.201812190825/tools/compiler/bin/../lib/gcc/arm-none-eabi/7.3.1/thumb/v7e-m/fpv4-sp/hard/crti.o
                0x0000000008001630                _fini
 .fini          0x0000000008001634        0x8 /home/pacopedraza/Ac6/SystemWorkbench/plugins/fr.ac6.mcu.externaltools.arm-none.linux64_1.17.0.201812190825/tools/compiler/bin/../lib/gcc/arm-none-eabi/7.3.1/thumb/v7e-m/fpv4-sp/hard/crtn.o
                0x000000000800163c                . = ALIGN (0x4)
                0x000000000800163c                _etext = .

.vfp11_veneer   0x000000000800163c        0x0
 .vfp11_veneer  0x000000000800163c        0x0 linker stubs

.v4_bx          0x000000000800163c        0x0
 .v4_bx         0x000000000800163c        0x0 linker stubs

.iplt           0x000000000800163c        0x0
 .iplt          0x000000000800163c        0x0 /home/pacopedraza/Ac6/SystemWorkbench/plugins/fr.ac6.mcu.externaltools.arm-none.linux64_1.17.0.201812190825/tools/compiler/bin/../lib/gcc/arm-none-eabi/7.3.1/thumb/v7e-m/fpv4-sp/hard/crtbegin.o

.rodata         0x000000000800163c       0x14
                0x000000000800163c                . = ALIGN (0x4)
 *(.rodata)
 .rodata        0x000000000800163c        0xf src/main.o
 *(.rodata*)
 *fill*         0x000000000800164b        0x1 
 .rodata._global_impure_ptr
                0x000000000800164c        0x4 /home/pacopedraza/Ac6/SystemWorkbench/plugins/fr.ac6.mcu.externaltools.arm-none.linux64_1.17.0.201812190825/tools/compiler/bin/../lib/gcc/arm-none-eabi/7.3.1/../../../../arm-none-eabi/lib/thumb/v7e-m/fpv4-sp/hard/libc.a(lib_a-impure.o)
                0x000000000800164c                _global_impure_ptr
                0x0000000008001650                . = ALIGN (0x4)

.rel.dyn        0x0000000008001650        0x0
 .rel.iplt      0x0000000008001650        0x0 /home/pacopedraza/Ac6/SystemWorkbench/plugins/fr.ac6.mcu.externaltools.arm-none.linux64_1.17.0.201812190825/tools/compiler/bin/../lib/gcc/arm-none-eabi/7.3.1/thumb/v7e-m/fpv4-sp/hard/crtbegin.o

.ARM.extab      0x0000000008001650        0x0
                0x0000000008001650                . = ALIGN (0x4)
 *(.ARM.extab* .gnu.linkonce.armextab.*)
                0x0000000008001650                . = ALIGN (0x4)

.ARM            0x0000000008001650        0x0
                0x0000000008001650                . = ALIGN (0x4)
                0x0000000008001650                __exidx_start = .
 *(.ARM.exidx*)
                0x0000000008001650                __exidx_end = .
                0x0000000008001650                . = ALIGN (0x4)

.preinit_array  0x0000000008001650        0x0
                0x0000000008001650                . = ALIGN (0x4)
                0x0000000008001650                PROVIDE (__preinit_array_start = .)
 *(.preinit_array*)
                0x0000000008001650                PROVIDE (__preinit_array_end = .)
                0x0000000008001650                . = ALIGN (0x4)

.init_array     0x0000000008001650        0x8
                0x0000000008001650                . = ALIGN (0x4)
                0x0000000008001650                PROVIDE (__init_array_start = .)
 *(SORT_BY_NAME(.init_array.*))
 .init_array.00000
                0x0000000008001650        0x4 /home/pacopedraza/Ac6/SystemWorkbench/plugins/fr.ac6.mcu.externaltools.arm-none.linux64_1.17.0.201812190825/tools/compiler/bin/../lib/gcc/arm-none-eabi/7.3.1/../../../../arm-none-eabi/lib/thumb/v7e-m/fpv4-sp/hard/libc.a(lib_a-__call_atexit.o)
 *(.init_array*)
 .init_array    0x0000000008001654        0x4 /home/pacopedraza/Ac6/SystemWorkbench/plugins/fr.ac6.mcu.externaltools.arm-none.linux64_1.17.0.201812190825/tools/compiler/bin/../lib/gcc/arm-none-eabi/7.3.1/thumb/v7e-m/fpv4-sp/hard/crtbegin.o
                0x0000000008001658                PROVIDE (__init_array_end = .)
                0x0000000008001658                . = ALIGN (0x4)

.fini_array     0x0000000008001658        0x4
                0x0000000008001658                . = ALIGN (0x4)
                0x0000000008001658                PROVIDE (__fini_array_start = .)
 *(SORT_BY_NAME(.fini_array.*))
 *(.fini_array*)
 .fini_array    0x0000000008001658        0x4 /home/pacopedraza/Ac6/SystemWorkbench/plugins/fr.ac6.mcu.externaltools.arm-none.linux64_1.17.0.201812190825/tools/compiler/bin/../lib/gcc/arm-none-eabi/7.3.1/thumb/v7e-m/fpv4-sp/hard/crtbegin.o
                0x000000000800165c                PROVIDE (__fini_array_end = .)
                0x000000000800165c                . = ALIGN (0x4)
                0x000000000800165c                _sidata = LOADADDR (.data)

.data           0x0000000020000000      0x444 load address 0x000000000800165c
                0x0000000020000000                . = ALIGN (0x4)
                0x0000000020000000                _sdata = .
 *(.data)
 .data          0x0000000020000000        0x4 Third-Party/FreeRTOS/org/Source/portable/GCC/ARM_CM4F/port.o
 .data          0x0000000020000004       0x14 src/system_stm32f4xx.o
                0x0000000020000004                SystemCoreClock
                0x0000000020000008                AHBPrescTable
 *(.data*)
 .data.impure_data
                0x0000000020000018      0x428 /home/pacopedraza/Ac6/SystemWorkbench/plugins/fr.ac6.mcu.externaltools.arm-none.linux64_1.17.0.201812190825/tools/compiler/bin/../lib/gcc/arm-none-eabi/7.3.1/../../../../arm-none-eabi/lib/thumb/v7e-m/fpv4-sp/hard/libc.a(lib_a-impure.o)
 .data.__atexit_recursive_mutex
                0x0000000020000440        0x4 /home/pacopedraza/Ac6/SystemWorkbench/plugins/fr.ac6.mcu.externaltools.arm-none.linux64_1.17.0.201812190825/tools/compiler/bin/../lib/gcc/arm-none-eabi/7.3.1/../../../../arm-none-eabi/lib/thumb/v7e-m/fpv4-sp/hard/libc.a(lib_a-__call_atexit.o)
                0x0000000020000440                __atexit_recursive_mutex
                0x0000000020000444                . = ALIGN (0x4)
                0x0000000020000444                _edata = .

.igot.plt       0x0000000020000444        0x0 load address 0x0000000008001aa0
 .igot.plt      0x0000000020000444        0x0 /home/pacopedraza/Ac6/SystemWorkbench/plugins/fr.ac6.mcu.externaltools.arm-none.linux64_1.17.0.201812190825/tools/compiler/bin/../lib/gcc/arm-none-eabi/7.3.1/thumb/v7e-m/fpv4-sp/hard/crtbegin.o
                0x0000000020000444                . = ALIGN (0x4)

.bss            0x0000000020000444    0x12d6c load address 0x0000000008001aa0
                0x0000000020000444                _sbss = .
                0x0000000020000444                __bss_start__ = _sbss
 *(.bss)
 .bss           0x0000000020000444       0x1c /home/pacopedraza/Ac6/SystemWorkbench/plugins/fr.ac6.mcu.externaltools.arm-none.linux64_1.17.0.201812190825/tools/compiler/bin/../lib/gcc/arm-none-eabi/7.3.1/thumb/v7e-m/fpv4-sp/hard/crtbegin.o
 .bss           0x0000000020000460      0x104 Third-Party/FreeRTOS/org/Source/tasks.o
                0x0000000020000460                pxCurrentTCB
 .bss           0x0000000020000564    0x12c20 Third-Party/FreeRTOS/org/Source/portable/MemMang/heap_4.o
 .bss           0x0000000020013184        0x8 src/main.o
                0x0000000020013184                xTaskHandle1
                0x0000000020013188                xTaskHandle2
 *(.bss*)
 *(COMMON)
 COMMON         0x000000002001318c       0x21 /home/pacopedraza/Ac6/SystemWorkbench/plugins/fr.ac6.mcu.externaltools.arm-none.linux64_1.17.0.201812190825/tools/compiler/bin/../lib/gcc/arm-none-eabi/7.3.1/../../../../arm-none-eabi/lib/thumb/v7e-m/fpv4-sp/hard/libc.a(lib_a-lock.o)
                0x000000002001318c                __lock___atexit_recursive_mutex
                0x0000000020013190                __lock___arc4random_mutex
                0x0000000020013194                __lock___env_recursive_mutex
                0x0000000020013198                __lock___sinit_recursive_mutex
                0x000000002001319c                __lock___malloc_recursive_mutex
                0x00000000200131a0                __lock___at_quick_exit_mutex
                0x00000000200131a4                __lock___dd_hash_mutex
                0x00000000200131a8                __lock___tz_mutex
                0x00000000200131ac                __lock___sfp_recursive_mutex
                0x00000000200131b0                . = ALIGN (0x4)
 *fill*         0x00000000200131ad        0x3 
                0x00000000200131b0                _ebss = .
                0x00000000200131b0                __bss_end__ = _ebss

._user_heap_stack
                0x00000000200131b0      0x400 load address 0x0000000008001aa0
                0x00000000200131b0                . = ALIGN (0x8)
                0x00000000200131b0                PROVIDE (end = .)
                [!provide]                        PROVIDE (_end = .)
                0x00000000200131b0                . = (. + _Min_Heap_Size)
                0x00000000200135b0                . = (. + _Min_Stack_Size)
 *fill*         0x00000000200131b0      0x400 
                0x00000000200135b0                . = ALIGN (0x8)

/DISCARD/
 libc.a(*)
 libm.a(*)
 libgcc.a(*)

.ARM.attributes
                0x0000000000000000       0x30
 *(.ARM.attributes)
 .ARM.attributes
                0x0000000000000000       0x22 /home/pacopedraza/Ac6/SystemWorkbench/plugins/fr.ac6.mcu.externaltools.arm-none.linux64_1.17.0.201812190825/tools/compiler/bin/../lib/gcc/arm-none-eabi/7.3.1/thumb/v7e-m/fpv4-sp/hard/crti.o
 .ARM.attributes
                0x0000000000000022       0x34 /home/pacopedraza/Ac6/SystemWorkbench/plugins/fr.ac6.mcu.externaltools.arm-none.linux64_1.17.0.201812190825/tools/compiler/bin/../lib/gcc/arm-none-eabi/7.3.1/thumb/v7e-m/fpv4-sp/hard/crtbegin.o
 .ARM.attributes
                0x0000000000000056       0x39 StdPeriph_Driver/src/stm32f4xx_rcc.o
 .ARM.attributes
                0x000000000000008f       0x39 Third-Party/FreeRTOS/org/Source/list.o
 .ARM.attributes
                0x00000000000000c8       0x39 Third-Party/FreeRTOS/org/Source/tasks.o
 .ARM.attributes
                0x0000000000000101       0x39 Third-Party/FreeRTOS/org/Source/portable/GCC/ARM_CM4F/port.o
 .ARM.attributes
                0x000000000000013a       0x39 Third-Party/FreeRTOS/org/Source/portable/MemMang/heap_4.o
 .ARM.attributes
                0x0000000000000173       0x39 src/main.o
 .ARM.attributes
                0x00000000000001ac       0x39 src/system_stm32f4xx.o
 .ARM.attributes
                0x00000000000001e5       0x21 startup/startup_stm32.o
 .ARM.attributes
                0x0000000000000206       0x34 /home/pacopedraza/Ac6/SystemWorkbench/plugins/fr.ac6.mcu.externaltools.arm-none.linux64_1.17.0.201812190825/tools/compiler/bin/../lib/gcc/arm-none-eabi/7.3.1/../../../../arm-none-eabi/lib/thumb/v7e-m/fpv4-sp/hard/libc.a(lib_a-impure.o)
 .ARM.attributes
                0x000000000000023a       0x34 /home/pacopedraza/Ac6/SystemWorkbench/plugins/fr.ac6.mcu.externaltools.arm-none.linux64_1.17.0.201812190825/tools/compiler/bin/../lib/gcc/arm-none-eabi/7.3.1/../../../../arm-none-eabi/lib/thumb/v7e-m/fpv4-sp/hard/libc.a(lib_a-init.o)
 .ARM.attributes
                0x000000000000026e       0x34 /home/pacopedraza/Ac6/SystemWorkbench/plugins/fr.ac6.mcu.externaltools.arm-none.linux64_1.17.0.201812190825/tools/compiler/bin/../lib/gcc/arm-none-eabi/7.3.1/../../../../arm-none-eabi/lib/thumb/v7e-m/fpv4-sp/hard/libc.a(lib_a-memset.o)
 .ARM.attributes
                0x00000000000002a2       0x34 /home/pacopedraza/Ac6/SystemWorkbench/plugins/fr.ac6.mcu.externaltools.arm-none.linux64_1.17.0.201812190825/tools/compiler/bin/../lib/gcc/arm-none-eabi/7.3.1/../../../../arm-none-eabi/lib/thumb/v7e-m/fpv4-sp/hard/libc.a(lib_a-__call_atexit.o)
 .ARM.attributes
                0x00000000000002d6       0x34 /home/pacopedraza/Ac6/SystemWorkbench/plugins/fr.ac6.mcu.externaltools.arm-none.linux64_1.17.0.201812190825/tools/compiler/bin/../lib/gcc/arm-none-eabi/7.3.1/../../../../arm-none-eabi/lib/thumb/v7e-m/fpv4-sp/hard/libc.a(lib_a-atexit.o)
 .ARM.attributes
                0x000000000000030a       0x34 /home/pacopedraza/Ac6/SystemWorkbench/plugins/fr.ac6.mcu.externaltools.arm-none.linux64_1.17.0.201812190825/tools/compiler/bin/../lib/gcc/arm-none-eabi/7.3.1/../../../../arm-none-eabi/lib/thumb/v7e-m/fpv4-sp/hard/libc.a(lib_a-fini.o)
 .ARM.attributes
                0x000000000000033e       0x34 /home/pacopedraza/Ac6/SystemWorkbench/plugins/fr.ac6.mcu.externaltools.arm-none.linux64_1.17.0.201812190825/tools/compiler/bin/../lib/gcc/arm-none-eabi/7.3.1/../../../../arm-none-eabi/lib/thumb/v7e-m/fpv4-sp/hard/libc.a(lib_a-lock.o)
 .ARM.attributes
                0x0000000000000372       0x34 /home/pacopedraza/Ac6/SystemWorkbench/plugins/fr.ac6.mcu.externaltools.arm-none.linux64_1.17.0.201812190825/tools/compiler/bin/../lib/gcc/arm-none-eabi/7.3.1/../../../../arm-none-eabi/lib/thumb/v7e-m/fpv4-sp/hard/libc.a(lib_a-__atexit.o)
 .ARM.attributes
                0x00000000000003a6       0x22 /home/pacopedraza/Ac6/SystemWorkbench/plugins/fr.ac6.mcu.externaltools.arm-none.linux64_1.17.0.201812190825/tools/compiler/bin/../lib/gcc/arm-none-eabi/7.3.1/thumb/v7e-m/fpv4-sp/hard/crtn.o
OUTPUT(STM32_HelloWorld.elf elf32-littlearm)

.debug_info     0x0000000000000000     0x5d93
 .debug_info    0x0000000000000000      0xf8e StdPeriph_Driver/src/stm32f4xx_rcc.o
 .debug_info    0x0000000000000f8e      0xadb Third-Party/FreeRTOS/org/Source/list.o
 .debug_info    0x0000000000001a69     0x295a Third-Party/FreeRTOS/org/Source/tasks.o
 .debug_info    0x00000000000043c3      0x533 Third-Party/FreeRTOS/org/Source/portable/GCC/ARM_CM4F/port.o
 .debug_info    0x00000000000048f6      0xcfd Third-Party/FreeRTOS/org/Source/portable/MemMang/heap_4.o
 .debug_info    0x00000000000055f3      0x15d src/main.o
 .debug_info    0x0000000000005750      0x621 src/system_stm32f4xx.o
 .debug_info    0x0000000000005d71       0x22 startup/startup_stm32.o

.debug_abbrev   0x0000000000000000      0xe82
 .debug_abbrev  0x0000000000000000      0x1d4 StdPeriph_Driver/src/stm32f4xx_rcc.o
 .debug_abbrev  0x00000000000001d4      0x205 Third-Party/FreeRTOS/org/Source/list.o
 .debug_abbrev  0x00000000000003d9      0x386 Third-Party/FreeRTOS/org/Source/tasks.o
 .debug_abbrev  0x000000000000075f      0x210 Third-Party/FreeRTOS/org/Source/portable/GCC/ARM_CM4F/port.o
 .debug_abbrev  0x000000000000096f      0x2d4 Third-Party/FreeRTOS/org/Source/portable/MemMang/heap_4.o
 .debug_abbrev  0x0000000000000c43       0xd0 src/main.o
 .debug_abbrev  0x0000000000000d13      0x15d src/system_stm32f4xx.o
 .debug_abbrev  0x0000000000000e70       0x12 startup/startup_stm32.o

.debug_aranges  0x0000000000000000      0x580
 .debug_aranges
                0x0000000000000000      0x1e8 StdPeriph_Driver/src/stm32f4xx_rcc.o
 .debug_aranges
                0x00000000000001e8       0x40 Third-Party/FreeRTOS/org/Source/list.o
 .debug_aranges
                0x0000000000000228      0x1f8 Third-Party/FreeRTOS/org/Source/tasks.o
 .debug_aranges
                0x0000000000000420       0x80 Third-Party/FreeRTOS/org/Source/portable/GCC/ARM_CM4F/port.o
 .debug_aranges
                0x00000000000004a0       0x58 Third-Party/FreeRTOS/org/Source/portable/MemMang/heap_4.o
 .debug_aranges
                0x00000000000004f8       0x30 src/main.o
 .debug_aranges
                0x0000000000000528       0x30 src/system_stm32f4xx.o
 .debug_aranges
                0x0000000000000558       0x28 startup/startup_stm32.o

.debug_ranges   0x0000000000000000      0x508
 .debug_ranges  0x0000000000000000      0x1d8 StdPeriph_Driver/src/stm32f4xx_rcc.o
 .debug_ranges  0x00000000000001d8       0x30 Third-Party/FreeRTOS/org/Source/list.o
 .debug_ranges  0x0000000000000208      0x1e8 Third-Party/FreeRTOS/org/Source/tasks.o
 .debug_ranges  0x00000000000003f0       0x70 Third-Party/FreeRTOS/org/Source/portable/GCC/ARM_CM4F/port.o
 .debug_ranges  0x0000000000000460       0x48 Third-Party/FreeRTOS/org/Source/portable/MemMang/heap_4.o
 .debug_ranges  0x00000000000004a8       0x20 src/main.o
 .debug_ranges  0x00000000000004c8       0x20 src/system_stm32f4xx.o
 .debug_ranges  0x00000000000004e8       0x20 startup/startup_stm32.o

.debug_macro    0x0000000000000000      0xf79
 .debug_macro   0x0000000000000000      0x2cb StdPeriph_Driver/src/stm32f4xx_rcc.o
 .debug_macro   0x00000000000002cb      0x186 Third-Party/FreeRTOS/org/Source/list.o
 .debug_macro   0x0000000000000451      0x267 Third-Party/FreeRTOS/org/Source/tasks.o
 .debug_macro   0x00000000000006b8       0x10 Third-Party/FreeRTOS/org/Source/tasks.o
 .debug_macro   0x00000000000006c8      0x196 Third-Party/FreeRTOS/org/Source/portable/GCC/ARM_CM4F/port.o
 .debug_macro   0x000000000000085e      0x1a1 Third-Party/FreeRTOS/org/Source/portable/MemMang/heap_4.o
 .debug_macro   0x00000000000009ff      0x25b src/main.o
 .debug_macro   0x0000000000000c5a      0x106 src/main.o
 .debug_macro   0x0000000000000d60      0x219 src/system_stm32f4xx.o

.debug_line     0x0000000000000000     0x45b0
 .debug_line    0x0000000000000000      0xc3a StdPeriph_Driver/src/stm32f4xx_rcc.o
 .debug_line    0x0000000000000c3a      0x619 Third-Party/FreeRTOS/org/Source/list.o
 .debug_line    0x0000000000001253     0x1350 Third-Party/FreeRTOS/org/Source/tasks.o
 .debug_line    0x00000000000025a3      0x74b Third-Party/FreeRTOS/org/Source/portable/GCC/ARM_CM4F/port.o
 .debug_line    0x0000000000002cee      0x727 Third-Party/FreeRTOS/org/Source/portable/MemMang/heap_4.o
 .debug_line    0x0000000000003415      0x955 src/main.o
 .debug_line    0x0000000000003d6a      0x7ca src/system_stm32f4xx.o
 .debug_line    0x0000000000004534       0x7c startup/startup_stm32.o

.debug_str      0x0000000000000000    0x77fb4
 .debug_str     0x0000000000000000    0x6db11 StdPeriph_Driver/src/stm32f4xx_rcc.o
                                      0x6ddfe (size before relaxing)
 .debug_str     0x000000000006db11     0x68ef Third-Party/FreeRTOS/org/Source/list.o
                                       0xa623 (size before relaxing)
 .debug_str     0x0000000000074400     0x2ec7 Third-Party/FreeRTOS/org/Source/tasks.o
                                       0xd525 (size before relaxing)
 .debug_str     0x00000000000772c7      0x7f3 Third-Party/FreeRTOS/org/Source/portable/GCC/ARM_CM4F/port.o
                                       0x92c5 (size before relaxing)
 .debug_str     0x0000000000077aba      0x33c Third-Party/FreeRTOS/org/Source/portable/MemMang/heap_4.o
                                       0xba26 (size before relaxing)
 .debug_str     0x0000000000077df6       0x73 src/main.o
                                      0x71d0c (size before relaxing)
 .debug_str     0x0000000000077e69      0x122 src/system_stm32f4xx.o
                                      0x6d181 (size before relaxing)
 .debug_str     0x0000000000077f8b       0x29 startup/startup_stm32.o
                                         0x85 (size before relaxing)

.comment        0x0000000000000000       0x7f
 .comment       0x0000000000000000       0x7f StdPeriph_Driver/src/stm32f4xx_rcc.o
                                         0x80 (size before relaxing)
 .comment       0x000000000000007f       0x80 Third-Party/FreeRTOS/org/Source/list.o
 .comment       0x000000000000007f       0x80 Third-Party/FreeRTOS/org/Source/tasks.o
 .comment       0x000000000000007f       0x80 Third-Party/FreeRTOS/org/Source/portable/GCC/ARM_CM4F/port.o
 .comment       0x000000000000007f       0x80 Third-Party/FreeRTOS/org/Source/portable/MemMang/heap_4.o
 .comment       0x000000000000007f       0x80 src/main.o
 .comment       0x000000000000007f       0x80 src/system_stm32f4xx.o

.debug_frame    0x0000000000000000     0x1820
 .debug_frame   0x0000000000000000      0x904 StdPeriph_Driver/src/stm32f4xx_rcc.o
 .debug_frame   0x0000000000000904       0xd8 Third-Party/FreeRTOS/org/Source/list.o
 .debug_frame   0x00000000000009dc      0x894 Third-Party/FreeRTOS/org/Source/tasks.o
 .debug_frame   0x0000000000001270      0x1a8 Third-Party/FreeRTOS/org/Source/portable/GCC/ARM_CM4F/port.o
 .debug_frame   0x0000000000001418      0x12c Third-Party/FreeRTOS/org/Source/portable/MemMang/heap_4.o
 .debug_frame   0x0000000000001544       0x68 src/main.o
 .debug_frame   0x00000000000015ac       0x7c src/system_stm32f4xx.o
 .debug_frame   0x0000000000001628       0x2c /home/pacopedraza/Ac6/SystemWorkbench/plugins/fr.ac6.mcu.externaltools.arm-none.linux64_1.17.0.201812190825/tools/compiler/bin/../lib/gcc/arm-none-eabi/7.3.1/../../../../arm-none-eabi/lib/thumb/v7e-m/fpv4-sp/hard/libc.a(lib_a-init.o)
 .debug_frame   0x0000000000001654       0x38 /home/pacopedraza/Ac6/SystemWorkbench/plugins/fr.ac6.mcu.externaltools.arm-none.linux64_1.17.0.201812190825/tools/compiler/bin/../lib/gcc/arm-none-eabi/7.3.1/../../../../arm-none-eabi/lib/thumb/v7e-m/fpv4-sp/hard/libc.a(lib_a-memset.o)
 .debug_frame   0x000000000000168c       0x5c /home/pacopedraza/Ac6/SystemWorkbench/plugins/fr.ac6.mcu.externaltools.arm-none.linux64_1.17.0.201812190825/tools/compiler/bin/../lib/gcc/arm-none-eabi/7.3.1/../../../../arm-none-eabi/lib/thumb/v7e-m/fpv4-sp/hard/libc.a(lib_a-__call_atexit.o)
 .debug_frame   0x00000000000016e8       0x20 /home/pacopedraza/Ac6/SystemWorkbench/plugins/fr.ac6.mcu.externaltools.arm-none.linux64_1.17.0.201812190825/tools/compiler/bin/../lib/gcc/arm-none-eabi/7.3.1/../../../../arm-none-eabi/lib/thumb/v7e-m/fpv4-sp/hard/libc.a(lib_a-atexit.o)
 .debug_frame   0x0000000000001708       0x34 /home/pacopedraza/Ac6/SystemWorkbench/plugins/fr.ac6.mcu.externaltools.arm-none.linux64_1.17.0.201812190825/tools/compiler/bin/../lib/gcc/arm-none-eabi/7.3.1/../../../../arm-none-eabi/lib/thumb/v7e-m/fpv4-sp/hard/libc.a(lib_a-fini.o)
 .debug_frame   0x000000000000173c       0xb0 /home/pacopedraza/Ac6/SystemWorkbench/plugins/fr.ac6.mcu.externaltools.arm-none.linux64_1.17.0.201812190825/tools/compiler/bin/../lib/gcc/arm-none-eabi/7.3.1/../../../../arm-none-eabi/lib/thumb/v7e-m/fpv4-sp/hard/libc.a(lib_a-lock.o)
 .debug_frame   0x00000000000017ec       0x34 /home/pacopedraza/Ac6/SystemWorkbench/plugins/fr.ac6.mcu.externaltools.arm-none.linux64_1.17.0.201812190825/tools/compiler/bin/../lib/gcc/arm-none-eabi/7.3.1/../../../../arm-none-eabi/lib/thumb/v7e-m/fpv4-sp/hard/libc.a(lib_a-__atexit.o)
